// Vitest Snapshot v1, https://vitest.dev/guide/snapshot.html

exports[`resolve default options > default 1`] = `
{
  "cwd": "vite-plugin-uni-layouts",
  "layout": "default",
  "layoutDir": "src/layouts",
}
`;

exports[`resolve user options > userOptions 1`] = `
{
  "cwd": "vite-plugin-uni-layouts",
  "layout": "home",
  "layoutDir": "src/layout",
}
`;
