// Vitest Snapshot v1

exports[`resolve default options > default 1`] = `
{
  "cwd": "/Users/kejun/Workspace/vite-plugin-uni-layouts",
  "layout": "default",
  "layoutDir": "src/layouts",
}
`;

exports[`resolve user options > userOptions 1`] = `
{
  "cwd": "/Users/kejun/Workspace/vite-plugin-uni-layouts",
  "layout": "home",
  "layoutDir": "src/layout",
}
`;
